Archive member included to satisfy reference by file (symbol)

/opt/st/stm32cubeide_1.10.1/plugins/com.st.stm32cube.ide.mcu.externaltools.gnu-tools-for-stm32.10.3-2021.10.linux64_1.0.0.202111181127/tools/bin/../lib/gcc/arm-none-eabi/10.3.1/../../../../arm-none-eabi/lib/thumb/v7e-m+fp/hard/libc_nano.a(lib_a-errno.o)
                              ./Core/Src/syscalls.o (__errno)
/opt/st/stm32cubeide_1.10.1/plugins/com.st.stm32cube.ide.mcu.externaltools.gnu-tools-for-stm32.10.3-2021.10.linux64_1.0.0.202111181127/tools/bin/../lib/gcc/arm-none-eabi/10.3.1/../../../../arm-none-eabi/lib/thumb/v7e-m+fp/hard/libc_nano.a(lib_a-exit.o)
                              /opt/st/stm32cubeide_1.10.1/plugins/com.st.stm32cube.ide.mcu.externaltools.gnu-tools-for-stm32.10.3-2021.10.linux64_1.0.0.202111181127/tools/bin/../lib/gcc/arm-none-eabi/10.3.1/../../../../arm-none-eabi/lib/thumb/v7e-m+fp/hard/crt0.o (exit)
/opt/st/stm32cubeide_1.10.1/plugins/com.st.stm32cube.ide.mcu.externaltools.gnu-tools-for-stm32.10.3-2021.10.linux64_1.0.0.202111181127/tools/bin/../lib/gcc/arm-none-eabi/10.3.1/../../../../arm-none-eabi/lib/thumb/v7e-m+fp/hard/libc_nano.a(lib_a-impure.o)
                              /opt/st/stm32cubeide_1.10.1/plugins/com.st.stm32cube.ide.mcu.externaltools.gnu-tools-for-stm32.10.3-2021.10.linux64_1.0.0.202111181127/tools/bin/../lib/gcc/arm-none-eabi/10.3.1/../../../../arm-none-eabi/lib/thumb/v7e-m+fp/hard/libc_nano.a(lib_a-exit.o) (_global_impure_ptr)
/opt/st/stm32cubeide_1.10.1/plugins/com.st.stm32cube.ide.mcu.externaltools.gnu-tools-for-stm32.10.3-2021.10.linux64_1.0.0.202111181127/tools/bin/../lib/gcc/arm-none-eabi/10.3.1/../../../../arm-none-eabi/lib/thumb/v7e-m+fp/hard/libc_nano.a(lib_a-init.o)
                              /opt/st/stm32cubeide_1.10.1/plugins/com.st.stm32cube.ide.mcu.externaltools.gnu-tools-for-stm32.10.3-2021.10.linux64_1.0.0.202111181127/tools/bin/../lib/gcc/arm-none-eabi/10.3.1/../../../../arm-none-eabi/lib/thumb/v7e-m+fp/hard/crt0.o (__libc_init_array)
/opt/st/stm32cubeide_1.10.1/plugins/com.st.stm32cube.ide.mcu.externaltools.gnu-tools-for-stm32.10.3-2021.10.linux64_1.0.0.202111181127/tools/bin/../lib/gcc/arm-none-eabi/10.3.1/../../../../arm-none-eabi/lib/thumb/v7e-m+fp/hard/libc_nano.a(lib_a-memset.o)
                              /opt/st/stm32cubeide_1.10.1/plugins/com.st.stm32cube.ide.mcu.externaltools.gnu-tools-for-stm32.10.3-2021.10.linux64_1.0.0.202111181127/tools/bin/../lib/gcc/arm-none-eabi/10.3.1/../../../../arm-none-eabi/lib/thumb/v7e-m+fp/hard/crt0.o (memset)

Discarded input sections

 .text          0x0000000000000000        0x0 /opt/st/stm32cubeide_1.10.1/plugins/com.st.stm32cube.ide.mcu.externaltools.gnu-tools-for-stm32.10.3-2021.10.linux64_1.0.0.202111181127/tools/bin/../lib/gcc/arm-none-eabi/10.3.1/thumb/v7e-m+fp/hard/crti.o
 .data          0x0000000000000000        0x0 /opt/st/stm32cubeide_1.10.1/plugins/com.st.stm32cube.ide.mcu.externaltools.gnu-tools-for-stm32.10.3-2021.10.linux64_1.0.0.202111181127/tools/bin/../lib/gcc/arm-none-eabi/10.3.1/thumb/v7e-m+fp/hard/crti.o
 .bss           0x0000000000000000        0x0 /opt/st/stm32cubeide_1.10.1/plugins/com.st.stm32cube.ide.mcu.externaltools.gnu-tools-for-stm32.10.3-2021.10.linux64_1.0.0.202111181127/tools/bin/../lib/gcc/arm-none-eabi/10.3.1/thumb/v7e-m+fp/hard/crti.o
 .data          0x0000000000000000        0x4 /opt/st/stm32cubeide_1.10.1/plugins/com.st.stm32cube.ide.mcu.externaltools.gnu-tools-for-stm32.10.3-2021.10.linux64_1.0.0.202111181127/tools/bin/../lib/gcc/arm-none-eabi/10.3.1/thumb/v7e-m+fp/hard/crtbegin.o
 .rodata        0x0000000000000000       0x24 /opt/st/stm32cubeide_1.10.1/plugins/com.st.stm32cube.ide.mcu.externaltools.gnu-tools-for-stm32.10.3-2021.10.linux64_1.0.0.202111181127/tools/bin/../lib/gcc/arm-none-eabi/10.3.1/thumb/v7e-m+fp/hard/crtbegin.o
 .text          0x0000000000000000       0x7c /opt/st/stm32cubeide_1.10.1/plugins/com.st.stm32cube.ide.mcu.externaltools.gnu-tools-for-stm32.10.3-2021.10.linux64_1.0.0.202111181127/tools/bin/../lib/gcc/arm-none-eabi/10.3.1/../../../../arm-none-eabi/lib/thumb/v7e-m+fp/hard/crt0.o
 .data          0x0000000000000000        0x0 /opt/st/stm32cubeide_1.10.1/plugins/com.st.stm32cube.ide.mcu.externaltools.gnu-tools-for-stm32.10.3-2021.10.linux64_1.0.0.202111181127/tools/bin/../lib/gcc/arm-none-eabi/10.3.1/../../../../arm-none-eabi/lib/thumb/v7e-m+fp/hard/crt0.o
 .bss           0x0000000000000000        0x0 /opt/st/stm32cubeide_1.10.1/plugins/com.st.stm32cube.ide.mcu.externaltools.gnu-tools-for-stm32.10.3-2021.10.linux64_1.0.0.202111181127/tools/bin/../lib/gcc/arm-none-eabi/10.3.1/../../../../arm-none-eabi/lib/thumb/v7e-m+fp/hard/crt0.o
 .ARM.extab     0x0000000000000000        0x0 /opt/st/stm32cubeide_1.10.1/plugins/com.st.stm32cube.ide.mcu.externaltools.gnu-tools-for-stm32.10.3-2021.10.linux64_1.0.0.202111181127/tools/bin/../lib/gcc/arm-none-eabi/10.3.1/../../../../arm-none-eabi/lib/thumb/v7e-m+fp/hard/crt0.o
[...]
Memory Configuration

Name             Origin             Length             Attributes
CCMRAM           0x0000000010000000 0x0000000000001000 xrw
RAM              0x0000000020000000 0x0000000000003000 xrw
FLASH            0x0000000008000000 0x0000000000010000 xr
*default*        0x0000000000000000 0xffffffffffffffff

Linker script and memory map

LOAD /opt/st/stm32cubeide_1.10.1/plugins/com.st.stm32cube.ide.mcu.externaltools.gnu-tools-for-stm32.10.3-2021.10.linux64_1.0.0.202111181127/tools/bin/../lib/gcc/arm-none-eabi/10.3.1/thumb/v7e-m+fp/hard/crti.o
LOAD /opt/st/stm32cubeide_1.10.1/plugins/com.st.stm32cube.ide.mcu.externaltools.gnu-tools-for-stm32.10.3-2021.10.linux64_1.0.0.202111181127/tools/bin/../lib/gcc/arm-none-eabi/10.3.1/thumb/v7e-m+fp/hard/crtbegin.o
LOAD /opt/st/stm32cubeide_1.10.1/plugins/com.st.stm32cube.ide.mcu.externaltools.gnu-tools-for-stm32.10.3-2021.10.linux64_1.0.0.202111181127/tools/bin/../lib/gcc/arm-none-eabi/10.3.1/../../../../arm-none-eabi/lib/thumb/v7e-m+fp/hard/crt0.o
LOAD ./Core/Src/main.o
LOAD ./Core/Src/stm32f3xx_hal_msp.o
LOAD ./Core/Src/stm32f3xx_it.o
LOAD ./Core/Src/syscalls.o
LOAD ./Core/Src/sysmem.o
LOAD ./Core/Src/system_stm32f3xx.o
LOAD ./Core/Startup/startup_stm32f303k8tx.o
LOAD ./Drivers/STM32F3xx_HAL_Driver/Src/stm32f3xx_hal.o
LOAD ./Drivers/STM32F3xx_HAL_Driver/Src/stm32f3xx_hal_cortex.o
LOAD ./Drivers/STM32F3xx_HAL_Driver/Src/stm32f3xx_hal_dma.o
LOAD ./Drivers/STM32F3xx_HAL_Driver/Src/stm32f3xx_hal_exti.o
LOAD ./Drivers/STM32F3xx_HAL_Driver/Src/stm32f3xx_hal_flash.o
LOAD ./Drivers/STM32F3xx_HAL_Driver/Src/stm32f3xx_hal_flash_ex.o
LOAD ./Drivers/STM32F3xx_HAL_Driver/Src/stm32f3xx_hal_gpio.o
LOAD ./Drivers/STM32F3xx_HAL_Driver/Src/stm32f3xx_hal_i2c.o
LOAD ./Drivers/STM32F3xx_HAL_Driver/Src/stm32f3xx_hal_i2c_ex.o
LOAD ./Drivers/STM32F3xx_HAL_Driver/Src/stm32f3xx_hal_pwr.o
LOAD ./Drivers/STM32F3xx_HAL_Driver/Src/stm32f3xx_hal_pwr_ex.o
LOAD ./Drivers/STM32F3xx_HAL_Driver/Src/stm32f3xx_hal_rcc.o
LOAD ./Drivers/STM32F3xx_HAL_Driver/Src/stm32f3xx_hal_rcc_ex.o
START GROUP
LOAD /opt/st/stm32cubeide_1.10.1/plugins/com.st.stm32cube.ide.mcu.externaltools.gnu-tools-for-stm32.10.3-2021.10.linux64_1.0.0.202111181127/tools/bin/../lib/gcc/arm-none-eabi/10.3.1/../../../../arm-none-eabi/lib/thumb/v7e-m+fp/hard/libc_nano.a
LOAD /opt/st/stm32cubeide_1.10.1/plugins/com.st.stm32cube.ide.mcu.externaltools.gnu-tools-for-stm32.10.3-2021.10.linux64_1.0.0.202111181127/tools/bin/../lib/gcc/arm-none-eabi/10.3.1/../../../../arm-none-eabi/lib/thumb/v7e-m+fp/hard/libm.a
END GROUP
START GROUP
LOAD /opt/st/stm32cubeide_1.10.1/plugins/com.st.stm32cube.ide.mcu.externaltools.gnu-tools-for-stm32.10.3-2021.10.linux64_1.0.0.202111181127/tools/bin/../lib/gcc/arm-none-eabi/10.3.1/thumb/v7e-m+fp/hard/libgcc.a
LOAD /opt/st/stm32cubeide_1.10.1/plugins/com.st.stm32cube.ide.mcu.externaltools.gnu-tools-for-stm32.10.3-2021.10.linux64_1.0.0.202111181127/tools/bin/../lib/gcc/arm-none-eabi/10.3.1/../../../../arm-none-eabi/lib/thumb/v7e-m+fp/hard/libc_nano.a
END GROUP
START GROUP
LOAD /opt/st/stm32cubeide_1.10.1/plugins/com.st.stm32cube.ide.mcu.externaltools.gnu-tools-for-stm32.10.3-2021.10.linux64_1.0.0.202111181127/tools/bin/../lib/gcc/arm-none-eabi/10.3.1/thumb/v7e-m+fp/hard/libgcc.a
LOAD /opt/st/stm32cubeide_1.10.1/plugins/com.st.stm32cube.ide.mcu.externaltools.gnu-tools-for-stm32.10.3-2021.10.linux64_1.0.0.202111181127/tools/bin/../lib/gcc/arm-none-eabi/10.3.1/../../../../arm-none-eabi/lib/thumb/v7e-m+fp/hard/libc_nano.a
LOAD /opt/st/stm32cubeide_1.10.1/plugins/com.st.stm32cube.ide.mcu.externaltools.gnu-tools-for-stm32.10.3-2021.10.linux64_1.0.0.202111181127/tools/bin/../lib/gcc/arm-none-eabi/10.3.1/../../../../arm-none-eabi/lib/thumb/v7e-m+fp/hard/libnosys.a
END GROUP
START GROUP
LOAD /opt/st/stm32cubeide_1.10.1/plugins/com.st.stm32cube.ide.mcu.externaltools.gnu-tools-for-stm32.10.3-2021.10.linux64_1.0.0.202111181127/tools/bin/../lib/gcc/arm-none-eabi/10.3.1/thumb/v7e-m+fp/hard/libgcc.a
LOAD /opt/st/stm32cubeide_1.10.1/plugins/com.st.stm32cube.ide.mcu.externaltools.gnu-tools-for-stm32.10.3-2021.10.linux64_1.0.0.202111181127/tools/bin/../lib/gcc/arm-none-eabi/10.3.1/../../../../arm-none-eabi/lib/thumb/v7e-m+fp/hard/libc_nano.a
LOAD /opt/st/stm32cubeide_1.10.1/plugins/com.st.stm32cube.ide.mcu.externaltools.gnu-tools-for-stm32.10.3-2021.10.linux64_1.0.0.202111181127/tools/bin/../lib/gcc/arm-none-eabi/10.3.1/../../../../arm-none-eabi/lib/thumb/v7e-m+fp/hard/libnosys.a
END GROUP
LOAD /opt/st/stm32cubeide_1.10.1/plugins/com.st.stm32cube.ide.mcu.externaltools.gnu-tools-for-stm32.10.3-2021.10.linux64_1.0.0.202111181127/tools/bin/../lib/gcc/arm-none-eabi/10.3.1/thumb/v7e-m+fp/hard/crtend.o
LOAD /opt/st/stm32cubeide_1.10.1/plugins/com.st.stm32cube.ide.mcu.externaltools.gnu-tools-for-stm32.10.3-2021.10.linux64_1.0.0.202111181127/tools/bin/../lib/gcc/arm-none-eabi/10.3.1/thumb/v7e-m+fp/hard/crtn.o
                0x0000000020003000                _estack = (ORIGIN (RAM) + LENGTH (RAM))
                0x0000000000000200                _Min_Heap_Size = 0x200
                0x0000000000000400                _Min_Stack_Size = 0x400

.isr_vector     0x0000000008000000      0x188
                0x0000000008000000                . = ALIGN (0x4)
 *(.isr_vector)
 .isr_vector    0x0000000008000000      0x188 ./Core/Startup/startup_stm32f303k8tx.o
                0x0000000008000000                g_pfnVectors
                0x0000000008000188                . = ALIGN (0x4)

.text           0x0000000008000188     0x1dd4
                0x0000000008000188                . = ALIGN (0x4)
 *(.text)
 .text          0x0000000008000188       0x40 /opt/st/stm32cubeide_1.10.1/plugins/com.st.stm32cube.ide.mcu.externaltools.gnu-tools-for-stm32.10.3-2021.10.linux64_1.0.0.202111181127/tools/bin/../lib/gcc/arm-none-eabi/10.3.1/thumb/v7e-m+fp/hard/crtbegin.o
 *(.text*)
 .text.main     0x00000000080001c8       0x58 ./Core/Src/main.o
                0x00000000080001c8                main
 .text.SystemClock_Config
                0x0000000008000220       0x76 ./Core/Src/main.o
                0x0000000008000220                SystemClock_Config
 *fill*         0x0000000008000296        0x2 
 .text.MX_GPIO_Init
                0x0000000008000298       0xc4 ./Core/Src/main.o
 .text.Error_Handler
                0x000000000800035c        0xa ./Core/Src/main.o
                0x000000000800035c                Error_Handler
 *fill*         0x0000000008000366        0x2 
 .text.HAL_MspInit
                0x0000000008000368       0x48 ./Core/Src/stm32f3xx_hal_msp.o
                0x0000000008000368                HAL_MspInit
 .text.NMI_Handler
                0x00000000080003b0        0x6 ./Core/Src/stm32f3xx_it.o
                0x00000000080003b0                NMI_Handler
 .text.HardFault_Handler
                0x00000000080003b6        0x6 ./Core/Src/stm32f3xx_it.o
                0x00000000080003b6                HardFault_Handler
 .text.MemManage_Handler
                0x00000000080003bc        0x6 ./Core/Src/stm32f3xx_it.o
                0x00000000080003bc                MemManage_Handler
 .text.BusFault_Handler
                0x00000000080003c2        0x6 ./Core/Src/stm32f3xx_it.o
                0x00000000080003c2                BusFault_Handler
 .text.UsageFault_Handler
                0x00000000080003c8        0x6 ./Core/Src/stm32f3xx_it.o
                0x00000000080003c8                UsageFault_Handler
 .text.SVC_Handler
                0x00000000080003ce        0xe ./Core/Src/stm32f3xx_it.o
                0x00000000080003ce                SVC_Handler
 .text.DebugMon_Handler
                0x00000000080003dc        0xe ./Core/Src/stm32f3xx_it.o
                0x00000000080003dc                DebugMon_Handler
 .text.PendSV_Handler
                0x00000000080003ea        0xe ./Core/Src/stm32f3xx_it.o
                0x00000000080003ea                PendSV_Handler
 .text.SysTick_Handler
                0x00000000080003f8        0xc ./Core/Src/stm32f3xx_it.o
                0x00000000080003f8                SysTick_Handler
 .text.SystemInit
                0x0000000008000404       0x24 ./Core/Src/system_stm32f3xx.o
                0x0000000008000404                SystemInit
 .text.Reset_Handler
                0x0000000008000428       0x50 ./Core/Startup/startup_stm32f303k8tx.o
                0x0000000008000428                Reset_Handler
 .text.Default_Handler
                0x0000000008000478        0x2 ./Core/Startup/startup_stm32f303k8tx.o
                0x0000000008000478                RTC_Alarm_IRQHandler
                0x0000000008000478                TIM1_CC_IRQHandler
                0x0000000008000478                PVD_IRQHandler
                0x0000000008000478                TAMP_STAMP_IRQHandler
                0x0000000008000478                EXTI3_IRQHandler
                0x0000000008000478                EXTI0_IRQHandler
                0x0000000008000478                FPU_IRQHandler
                0x0000000008000478                CAN_TX_IRQHandler
                0x0000000008000478                TIM1_UP_TIM16_IRQHandler
                0x0000000008000478                ADC1_2_IRQHandler
                0x0000000008000478                SPI1_IRQHandler
                0x0000000008000478                CAN_SCE_IRQHandler
                0x0000000008000478                DMA1_Channel4_IRQHandler
                0x0000000008000478                USART3_IRQHandler
                0x0000000008000478                DMA1_Channel7_IRQHandler
                0x0000000008000478                TIM7_DAC2_IRQHandler
                0x0000000008000478                CAN_RX1_IRQHandler
                0x0000000008000478                I2C1_EV_IRQHandler
                0x0000000008000478                DMA1_Channel6_IRQHandler
                0x0000000008000478                TIM3_IRQHandler
                0x0000000008000478                RCC_IRQHandler
                0x0000000008000478                DMA1_Channel1_IRQHandler
                0x0000000008000478                Default_Handler
                0x0000000008000478                EXTI15_10_IRQHandler
                0x0000000008000478                COMP2_IRQHandler
                0x0000000008000478                TIM6_DAC1_IRQHandler
                0x0000000008000478                EXTI9_5_IRQHandler
                0x0000000008000478                RTC_WKUP_IRQHandler
                0x0000000008000478                DMA1_Channel5_IRQHandler
                0x0000000008000478                EXTI4_IRQHandler
                0x0000000008000478                TIM1_TRG_COM_TIM17_IRQHandler
                0x0000000008000478                DMA1_Channel3_IRQHandler
                0x0000000008000478                WWDG_IRQHandler
                0x0000000008000478                TIM2_IRQHandler
                0x0000000008000478                EXTI1_IRQHandler
                0x0000000008000478                COMP4_6_IRQHandler
                0x0000000008000478                USART2_IRQHandler
                0x0000000008000478                DMA1_Channel2_IRQHandler
                0x0000000008000478                FLASH_IRQHandler
                0x0000000008000478                USART1_IRQHandler
                0x0000000008000478                CAN_RX0_IRQHandler
                0x0000000008000478                I2C1_ER_IRQHandler
                0x0000000008000478                EXTI2_TSC_IRQHandler
                0x0000000008000478                TIM1_BRK_TIM15_IRQHandler
 *fill*         0x000000000800047a        0x2 
 .text.HAL_Init
                0x000000000800047c       0x2c ./Drivers/STM32F3xx_HAL_Driver/Src/stm32f3xx_hal.o
                0x000000000800047c                HAL_Init
 .text.HAL_InitTick
                0x00000000080004a8       0x60 ./Drivers/STM32F3xx_HAL_Driver/Src/stm32f3xx_hal.o
                0x00000000080004a8                HAL_InitTick
 .text.HAL_IncTick
                0x0000000008000508       0x28 ./Drivers/STM32F3xx_HAL_Driver/Src/stm32f3xx_hal.o
                0x0000000008000508                HAL_IncTick
 .text.HAL_GetTick
                0x0000000008000530       0x18 ./Drivers/STM32F3xx_HAL_Driver/Src/stm32f3xx_hal.o
                0x0000000008000530                HAL_GetTick
 .text.HAL_Delay
                0x0000000008000548       0x48 ./Drivers/STM32F3xx_HAL_Driver/Src/stm32f3xx_hal.o
                0x0000000008000548                HAL_Delay
 .text.__NVIC_SetPriorityGrouping
                0x0000000008000590       0x48 ./Drivers/STM32F3xx_HAL_Driver/Src/stm32f3xx_hal_cortex.o
 .text.__NVIC_GetPriorityGrouping
                0x00000000080005d8       0x1c ./Drivers/STM32F3xx_HAL_Driver/Src/stm32f3xx_hal_cortex.o
 .text.__NVIC_SetPriority
                0x00000000080005f4       0x54 ./Drivers/STM32F3xx_HAL_Driver/Src/stm32f3xx_hal_cortex.o
 .text.NVIC_EncodePriority
                0x0000000008000648       0x66 ./Drivers/STM32F3xx_HAL_Driver/Src/stm32f3xx_hal_cortex.o
 *fill*         0x00000000080006ae        0x2 
 .text.SysTick_Config
                0x00000000080006b0       0x44 ./Drivers/STM32F3xx_HAL_Driver/Src/stm32f3xx_hal_cortex.o
 .text.HAL_NVIC_SetPriorityGrouping
                0x00000000080006f4       0x16 ./Drivers/STM32F3xx_HAL_Driver/Src/stm32f3xx_hal_cortex.o
                0x00000000080006f4                HAL_NVIC_SetPriorityGrouping
 .text.HAL_NVIC_SetPriority
                0x000000000800070a       0x38 ./Drivers/STM32F3xx_HAL_Driver/Src/stm32f3xx_hal_cortex.o
                0x000000000800070a                HAL_NVIC_SetPriority
 .text.HAL_SYSTICK_Config
                0x0000000008000742       0x18 ./Drivers/STM32F3xx_HAL_Driver/Src/stm32f3xx_hal_cortex.o
                0x0000000008000742                HAL_SYSTICK_Config
 *fill*         0x000000000800075a        0x2 
 .text.HAL_GPIO_Init
                0x000000000800075c      0x2e4 ./Drivers/STM32F3xx_HAL_Driver/Src/stm32f3xx_hal_gpio.o
                0x000000000800075c                HAL_GPIO_Init
 .text.HAL_GPIO_WritePin
                0x0000000008000a40       0x30 ./Drivers/STM32F3xx_HAL_Driver/Src/stm32f3xx_hal_gpio.o
                0x0000000008000a40                HAL_GPIO_WritePin
 .text.HAL_GPIO_TogglePin
                0x0000000008000a70       0x34 ./Drivers/STM32F3xx_HAL_Driver/Src/stm32f3xx_hal_gpio.o
                0x0000000008000a70                HAL_GPIO_TogglePin
 .text.HAL_RCC_OscConfig
                0x0000000008000aa4     0x107c ./Drivers/STM32F3xx_HAL_Driver/Src/stm32f3xx_hal_rcc.o
                0x0000000008000aa4                HAL_RCC_OscConfig
 .text.HAL_RCC_ClockConfig
                0x0000000008001b20      0x2f8 ./Drivers/STM32F3xx_HAL_Driver/Src/stm32f3xx_hal_rcc.o
                0x0000000008001b20                HAL_RCC_ClockConfig
 .text.HAL_RCC_GetSysClockFreq
                0x0000000008001e18       0xd4 ./Drivers/STM32F3xx_HAL_Driver/Src/stm32f3xx_hal_rcc.o
                0x0000000008001e18                HAL_RCC_GetSysClockFreq
 .text.__libc_init_array
                0x0000000008001eec       0x48 /opt/st/stm32cubeide_1.10.1/plugins/com.st.stm32cube.ide.mcu.externaltools.gnu-tools-for-stm32.10.3-2021.10.linux64_1.0.0.202111181127/tools/bin/../lib/gcc/arm-none-eabi/10.3.1/../../../../arm-none-eabi/lib/thumb/v7e-m+fp/hard/libc_nano.a(lib_a-init.o)
                0x0000000008001eec                __libc_init_array
 .text.memset   0x0000000008001f34       0x10 /opt/st/stm32cubeide_1.10.1/plugins/com.st.stm32cube.ide.mcu.externaltools.gnu-tools-for-stm32.10.3-2021.10.linux64_1.0.0.202111181127/tools/bin/../lib/gcc/arm-none-eabi/10.3.1/../../../../arm-none-eabi/lib/thumb/v7e-m+fp/hard/libc_nano.a(lib_a-memset.o)
                0x0000000008001f34                memset
 *(.glue_7)
 .glue_7        0x0000000008001f44        0x0 linker stubs
 *(.glue_7t)
 .glue_7t       0x0000000008001f44        0x0 linker stubs
 *(.eh_frame)
 .eh_frame      0x0000000008001f44        0x0 /opt/st/stm32cubeide_1.10.1/plugins/com.st.stm32cube.ide.mcu.externaltools.gnu-tools-for-stm32.10.3-2021.10.linux64_1.0.0.202111181127/tools/bin/../lib/gcc/arm-none-eabi/10.3.1/thumb/v7e-m+fp/hard/crtbegin.o
 *(.init)
 .init          0x0000000008001f44        0x4 /opt/st/stm32cubeide_1.10.1/plugins/com.st.stm32cube.ide.mcu.externaltools.gnu-tools-for-stm32.10.3-2021.10.linux64_1.0.0.202111181127/tools/bin/../lib/gcc/arm-none-eabi/10.3.1/thumb/v7e-m+fp/hard/crti.o
                0x0000000008001f44                _init
 .init          0x0000000008001f48        0x8 /opt/st/stm32cubeide_1.10.1/plugins/com.st.stm32cube.ide.mcu.externaltools.gnu-tools-for-stm32.10.3-2021.10.linux64_1.0.0.202111181127/tools/bin/../lib/gcc/arm-none-eabi/10.3.1/thumb/v7e-m+fp/hard/crtn.o
 *(.fini)
 .fini          0x0000000008001f50        0x4 /opt/st/stm32cubeide_1.10.1/plugins/com.st.stm32cube.ide.mcu.externaltools.gnu-tools-for-stm32.10.3-2021.10.linux64_1.0.0.202111181127/tools/bin/../lib/gcc/arm-none-eabi/10.3.1/thumb/v7e-m+fp/hard/crti.o
                0x0000000008001f50                _fini
 .fini          0x0000000008001f54        0x8 /opt/st/stm32cubeide_1.10.1/plugins/com.st.stm32cube.ide.mcu.externaltools.gnu-tools-for-stm32.10.3-2021.10.linux64_1.0.0.202111181127/tools/bin/../lib/gcc/arm-none-eabi/10.3.1/thumb/v7e-m+fp/hard/crtn.o
                0x0000000008001f5c                . = ALIGN (0x4)
                0x0000000008001f5c                _etext = .

.vfp11_veneer   0x0000000008001f5c        0x0
 .vfp11_veneer  0x0000000008001f5c        0x0 linker stubs

.v4_bx          0x0000000008001f5c        0x0
 .v4_bx         0x0000000008001f5c        0x0 linker stubs

.iplt           0x0000000008001f5c        0x0
 .iplt          0x0000000008001f5c        0x0 /opt/st/stm32cubeide_1.10.1/plugins/com.st.stm32cube.ide.mcu.externaltools.gnu-tools-for-stm32.10.3-2021.10.linux64_1.0.0.202111181127/tools/bin/../lib/gcc/arm-none-eabi/10.3.1/thumb/v7e-m+fp/hard/crtbegin.o

.rodata         0x0000000008001f5c       0x30
                0x0000000008001f5c                . = ALIGN (0x4)
 *(.rodata)
 *(.rodata*)
 .rodata.AHBPrescTable
                0x0000000008001f5c       0x10 ./Core/Src/system_stm32f3xx.o
                0x0000000008001f5c                AHBPrescTable
 .rodata.aPLLMULFactorTable
                0x0000000008001f6c       0x10 ./Drivers/STM32F3xx_HAL_Driver/Src/stm32f3xx_hal_rcc.o
                0x0000000008001f6c                aPLLMULFactorTable
 .rodata.aPredivFactorTable
                0x0000000008001f7c       0x10 ./Drivers/STM32F3xx_HAL_Driver/Src/stm32f3xx_hal_rcc.o
                0x0000000008001f7c                aPredivFactorTable
                0x0000000008001f8c                . = ALIGN (0x4)

.rel.dyn        0x0000000008001f8c        0x0
 .rel.iplt      0x0000000008001f8c        0x0 /opt/st/stm32cubeide_1.10.1/plugins/com.st.stm32cube.ide.mcu.externaltools.gnu-tools-for-stm32.10.3-2021.10.linux64_1.0.0.202111181127/tools/bin/../lib/gcc/arm-none-eabi/10.3.1/thumb/v7e-m+fp/hard/crtbegin.o

.ARM.extab      0x0000000008001f8c        0x0
                0x0000000008001f8c                . = ALIGN (0x4)
 *(.ARM.extab* .gnu.linkonce.armextab.*)
                0x0000000008001f8c                . = ALIGN (0x4)

.ARM            0x0000000008001f8c        0x0
                0x0000000008001f8c                . = ALIGN (0x4)
                0x0000000008001f8c                __exidx_start = .
 *(.ARM.exidx*)
                0x0000000008001f8c                __exidx_end = .
                0x0000000008001f8c                . = ALIGN (0x4)

.preinit_array  0x0000000008001f8c        0x0
                0x0000000008001f8c                . = ALIGN (0x4)
                0x0000000008001f8c                PROVIDE (__preinit_array_start = .)
 *(.preinit_array*)
                0x0000000008001f8c                PROVIDE (__preinit_array_end = .)
                0x0000000008001f8c                . = ALIGN (0x4)

.init_array     0x0000000008001f8c        0x4
                0x0000000008001f8c                . = ALIGN (0x4)
                0x0000000008001f8c                PROVIDE (__init_array_start = .)
 *(SORT_BY_NAME(.init_array.*))
 *(.init_array*)
 .init_array    0x0000000008001f8c        0x4 /opt/st/stm32cubeide_1.10.1/plugins/com.st.stm32cube.ide.mcu.externaltools.gnu-tools-for-stm32.10.3-2021.10.linux64_1.0.0.202111181127/tools/bin/../lib/gcc/arm-none-eabi/10.3.1/thumb/v7e-m+fp/hard/crtbegin.o
                0x0000000008001f90                PROVIDE (__init_array_end = .)
                0x0000000008001f90                . = ALIGN (0x4)

.fini_array     0x0000000008001f90        0x4
                0x0000000008001f90                . = ALIGN (0x4)
                [!provide]                        PROVIDE (__fini_array_start = .)
 *(SORT_BY_NAME(.fini_array.*))
 *(.fini_array*)
 .fini_array    0x0000000008001f90        0x4 /opt/st/stm32cubeide_1.10.1/plugins/com.st.stm32cube.ide.mcu.externaltools.gnu-tools-for-stm32.10.3-2021.10.linux64_1.0.0.202111181127/tools/bin/../lib/gcc/arm-none-eabi/10.3.1/thumb/v7e-m+fp/hard/crtbegin.o
                [!provide]                        PROVIDE (__fini_array_end = .)
                0x0000000008001f94                . = ALIGN (0x4)
                0x0000000008001f94                _sidata = LOADADDR (.data)

.data           0x0000000020000000        0xc load address 0x0000000008001f94
                0x0000000020000000                . = ALIGN (0x4)
                0x0000000020000000                _sdata = .
 *(.data)
 *(.data*)
 .data.SystemCoreClock
                0x0000000020000000        0x4 ./Core/Src/system_stm32f3xx.o
                0x0000000020000000                SystemCoreClock
 .data.uwTickPrio
                0x0000000020000004        0x4 ./Drivers/STM32F3xx_HAL_Driver/Src/stm32f3xx_hal.o
                0x0000000020000004                uwTickPrio
 .data.uwTickFreq
                0x0000000020000008        0x1 ./Drivers/STM32F3xx_HAL_Driver/Src/stm32f3xx_hal.o
                0x0000000020000008                uwTickFreq
 *(.RamFunc)
 *(.RamFunc*)
                0x000000002000000c                . = ALIGN (0x4)
 *fill*         0x0000000020000009        0x3 
                0x000000002000000c                _edata = .
                0x0000000008001fa0                _siccmram = LOADADDR (.ccmram)

.igot.plt       0x000000002000000c        0x0 load address 0x0000000008001fa0
 .igot.plt      0x000000002000000c        0x0 /opt/st/stm32cubeide_1.10.1/plugins/com.st.stm32cube.ide.mcu.externaltools.gnu-tools-for-stm32.10.3-2021.10.linux64_1.0.0.202111181127/tools/bin/../lib/gcc/arm-none-eabi/10.3.1/thumb/v7e-m+fp/hard/crtbegin.o

.ccmram         0x0000000010000000        0x0 load address 0x0000000008001fa0
                0x0000000010000000                . = ALIGN (0x4)
                0x0000000010000000                _sccmram = .
 *(.ccmram)
 *(.ccmram*)
                0x0000000010000000                . = ALIGN (0x4)
                0x0000000010000000                _eccmram = .
                0x0000000010000000                . = ALIGN (0x4)

.bss            0x000000002000000c       0x20
                0x000000002000000c                _sbss = .
                0x000000002000000c                __bss_start__ = _sbss
 *(.bss)
 .bss           0x000000002000000c       0x1c /opt/st/stm32cubeide_1.10.1/plugins/com.st.stm32cube.ide.mcu.externaltools.gnu-tools-for-stm32.10.3-2021.10.linux64_1.0.0.202111181127/tools/bin/../lib/gcc/arm-none-eabi/10.3.1/thumb/v7e-m+fp/hard/crtbegin.o
 *(.bss*)
 .bss.uwTick    0x0000000020000028        0x4 ./Drivers/STM32F3xx_HAL_Driver/Src/stm32f3xx_hal.o
                0x0000000020000028                uwTick
 *(COMMON)
                0x000000002000002c                . = ALIGN (0x4)
                0x000000002000002c                _ebss = .
                0x000000002000002c                __bss_end__ = _ebss

._user_heap_stack
                0x000000002000002c      0x604
                0x0000000020000030                . = ALIGN (0x8)
 *fill*         0x000000002000002c        0x4 
                [!provide]                        PROVIDE (end = .)
                0x0000000020000030                PROVIDE (_end = .)
                0x0000000020000230                . = (. + _Min_Heap_Size)
 *fill*         0x0000000020000030      0x200 
                0x0000000020000630                . = (. + _Min_Stack_Size)
 *fill*         0x0000000020000230      0x400 
                0x0000000020000630                . = ALIGN (0x8)

/DISCARD/
 libc.a(*)
 libm.a(*)
 libgcc.a(*)

.ARM.attributes
                0x0000000000000000       0x30
 *(.ARM.attributes)
 .ARM.attributes
                0x0000000000000000       0x1e /opt/st/stm32cubeide_1.10.1/plugins/com.st.stm32cube.ide.mcu.externaltools.gnu-tools-for-stm32.10.3-2021.10.linux64_1.0.0.202111181127/tools/bin/../lib/gcc/arm-none-eabi/10.3.1/thumb/v7e-m+fp/hard/crti.o
 .ARM.attributes
                0x000000000000001e       0x34 /opt/st/stm32cubeide_1.10.1/plugins/com.st.stm32cube.ide.mcu.externaltools.gnu-tools-for-stm32.10.3-2021.10.linux64_1.0.0.202111181127/tools/bin/../lib/gcc/arm-none-eabi/10.3.1/thumb/v7e-m+fp/hard/crtbegin.o
 .ARM.attributes
                0x0000000000000052       0x34 ./Core/Src/main.o
 .ARM.attributes
                0x0000000000000086       0x34 ./Core/Src/stm32f3xx_hal_msp.o
 .ARM.attributes
                0x00000000000000ba       0x34 ./Core/Src/stm32f3xx_it.o
 .ARM.attributes
                0x00000000000000ee       0x34 ./Core/Src/system_stm32f3xx.o
 .ARM.attributes
                0x0000000000000122       0x21 ./Core/Startup/startup_stm32f303k8tx.o
 .ARM.attributes
                0x0000000000000143       0x34 ./Drivers/STM32F3xx_HAL_Driver/Src/stm32f3xx_hal.o
 .ARM.attributes
                0x0000000000000177       0x34 ./Drivers/STM32F3xx_HAL_Driver/Src/stm32f3xx_hal_cortex.o
 .ARM.attributes
                0x00000000000001ab       0x34 ./Drivers/STM32F3xx_HAL_Driver/Src/stm32f3xx_hal_gpio.o
 .ARM.attributes
                0x00000000000001df       0x34 ./Drivers/STM32F3xx_HAL_Driver/Src/stm32f3xx_hal_rcc.o
 .ARM.attributes
                0x0000000000000213       0x34 /opt/st/stm32cubeide_1.10.1/plugins/com.st.stm32cube.ide.mcu.externaltools.gnu-tools-for-stm32.10.3-2021.10.linux64_1.0.0.202111181127/tools/bin/../lib/gcc/arm-none-eabi/10.3.1/../../../../arm-none-eabi/lib/thumb/v7e-m+fp/hard/libc_nano.a(lib_a-init.o)
 .ARM.attributes
                0x0000000000000247       0x34 /opt/st/stm32cubeide_1.10.1/plugins/com.st.stm32cube.ide.mcu.externaltools.gnu-tools-for-stm32.10.3-2021.10.linux64_1.0.0.202111181127/tools/bin/../lib/gcc/arm-none-eabi/10.3.1/../../../../arm-none-eabi/lib/thumb/v7e-m+fp/hard/libc_nano.a(lib_a-memset.o)
 .ARM.attributes
                0x000000000000027b       0x1e /opt/st/stm32cubeide_1.10.1/plugins/com.st.stm32cube.ide.mcu.externaltools.gnu-tools-for-stm32.10.3-2021.10.linux64_1.0.0.202111181127/tools/bin/../lib/gcc/arm-none-eabi/10.3.1/thumb/v7e-m+fp/hard/crtn.o
OUTPUT(Blinking_LED.elf elf32-littlearm)
LOAD linker stubs
LOAD /opt/st/stm32cubeide_1.10.1/plugins/com.st.stm32cube.ide.mcu.externaltools.gnu-tools-for-stm32.10.3-2021.10.linux64_1.0.0.202111181127/tools/bin/../lib/gcc/arm-none-eabi/10.3.1/../../../../arm-none-eabi/lib/thumb/v7e-m+fp/hard/libc.a
LOAD /opt/st/stm32cubeide_1.10.1/plugins/com.st.stm32cube.ide.mcu.externaltools.gnu-tools-for-stm32.10.3-2021.10.linux64_1.0.0.202111181127/tools/bin/../lib/gcc/arm-none-eabi/10.3.1/../../../../arm-none-eabi/lib/thumb/v7e-m+fp/hard/libm.a
LOAD /opt/st/stm32cubeide_1.10.1/plugins/com.st.stm32cube.ide.mcu.externaltools.gnu-tools-for-stm32.10.3-2021.10.linux64_1.0.0.202111181127/tools/bin/../lib/gcc/arm-none-eabi/10.3.1/thumb/v7e-m+fp/hard/libgcc.a

.debug_info     0x0000000000000000     0x3c2b
 .debug_info    0x0000000000000000      0x5b6 ./Core/Src/main.o
 .debug_info    0x00000000000005b6      0x1aa ./Core/Src/stm32f3xx_hal_msp.o
 .debug_info    0x0000000000000760      0x122 ./Core/Src/stm32f3xx_it.o
 .debug_info    0x0000000000000882      0x416 ./Core/Src/system_stm32f3xx.o
 .debug_info    0x0000000000000c98       0x22 ./Core/Startup/startup_stm32f303k8tx.o
 .debug_info    0x0000000000000cba      0x77d ./Drivers/STM32F3xx_HAL_Driver/Src/stm32f3xx_hal.o
 .debug_info    0x0000000000001437      0xb20 ./Drivers/STM32F3xx_HAL_Driver/Src/stm32f3xx_hal_cortex.o
 .debug_info    0x0000000000001f57      0x74e ./Drivers/STM32F3xx_HAL_Driver/Src/stm32f3xx_hal_gpio.o
 .debug_info    0x00000000000026a5     0x1586 ./Drivers/STM32F3xx_HAL_Driver/Src/stm32f3xx_hal_rcc.o

.debug_abbrev   0x0000000000000000      0xe08
 .debug_abbrev  0x0000000000000000      0x1e8 ./Core/Src/main.o
 .debug_abbrev  0x00000000000001e8       0xc2 ./Core/Src/stm32f3xx_hal_msp.o
 .debug_abbrev  0x00000000000002aa       0x74 ./Core/Src/stm32f3xx_it.o
 .debug_abbrev  0x000000000000031e      0x116 ./Core/Src/system_stm32f3xx.o
 .debug_abbrev  0x0000000000000434       0x12 ./Core/Startup/startup_stm32f303k8tx.o
 .debug_abbrev  0x0000000000000446      0x20e ./Drivers/STM32F3xx_HAL_Driver/Src/stm32f3xx_hal.o
 .debug_abbrev  0x0000000000000654      0x2ed ./Drivers/STM32F3xx_HAL_Driver/Src/stm32f3xx_hal_cortex.o
 .debug_abbrev  0x0000000000000941      0x1bb ./Drivers/STM32F3xx_HAL_Driver/Src/stm32f3xx_hal_gpio.o
 .debug_abbrev  0x0000000000000afc      0x30c ./Drivers/STM32F3xx_HAL_Driver/Src/stm32f3xx_hal_rcc.o

.debug_aranges  0x0000000000000000      0x3c8
 .debug_aranges
                0x0000000000000000       0x38 ./Core/Src/main.o
 .debug_aranges
                0x0000000000000038       0x20 ./Core/Src/stm32f3xx_hal_msp.o
 .debug_aranges
                0x0000000000000058       0x60 ./Core/Src/stm32f3xx_it.o
 .debug_aranges
                0x00000000000000b8       0x28 ./Core/Src/system_stm32f3xx.o
 .debug_aranges
                0x00000000000000e0       0x28 ./Core/Startup/startup_stm32f303k8tx.o
 .debug_aranges
                0x0000000000000108       0xe0 ./Drivers/STM32F3xx_HAL_Driver/Src/stm32f3xx_hal.o
 .debug_aranges
                0x00000000000001e8      0x100 ./Drivers/STM32F3xx_HAL_Driver/Src/stm32f3xx_hal_cortex.o
 .debug_aranges
                0x00000000000002e8       0x58 ./Drivers/STM32F3xx_HAL_Driver/Src/stm32f3xx_hal_gpio.o
 .debug_aranges
                0x0000000000000340       0x88 ./Drivers/STM32F3xx_HAL_Driver/Src/stm32f3xx_hal_rcc.o

.debug_ranges   0x0000000000000000      0x340
 .debug_ranges  0x0000000000000000       0x28 ./Core/Src/main.o
 .debug_ranges  0x0000000000000028       0x10 ./Core/Src/stm32f3xx_hal_msp.o
 .debug_ranges  0x0000000000000038       0x50 ./Core/Src/stm32f3xx_it.o
 .debug_ranges  0x0000000000000088       0x18 ./Core/Src/system_stm32f3xx.o
 .debug_ranges  0x00000000000000a0       0x20 ./Core/Startup/startup_stm32f303k8tx.o
 .debug_ranges  0x00000000000000c0       0xd0 ./Drivers/STM32F3xx_HAL_Driver/Src/stm32f3xx_hal.o
 .debug_ranges  0x0000000000000190       0xf0 ./Drivers/STM32F3xx_HAL_Driver/Src/stm32f3xx_hal_cortex.o
 .debug_ranges  0x0000000000000280       0x48 ./Drivers/STM32F3xx_HAL_Driver/Src/stm32f3xx_hal_gpio.o
 .debug_ranges  0x00000000000002c8       0x78 ./Drivers/STM32F3xx_HAL_Driver/Src/stm32f3xx_hal_rcc.o

.debug_macro    0x0000000000000000    0x18dd0
 .debug_macro   0x0000000000000000      0x1a8 ./Core/Src/main.o
 .debug_macro   0x00000000000001a8      0xa78 ./Core/Src/main.o
 .debug_macro   0x0000000000000c20      0x14b ./Core/Src/main.o
 .debug_macro   0x0000000000000d6b       0x2e ./Core/Src/main.o
 .debug_macro   0x0000000000000d99       0x28 ./Core/Src/main.o
 .debug_macro   0x0000000000000dc1       0x22 ./Core/Src/main.o
 .debug_macro   0x0000000000000de3       0x8e ./Core/Src/main.o
 .debug_macro   0x0000000000000e71       0x51 ./Core/Src/main.o
 .debug_macro   0x0000000000000ec2      0x103 ./Core/Src/main.o
 .debug_macro   0x0000000000000fc5       0x6a ./Core/Src/main.o
 .debug_macro   0x000000000000102f      0x1df ./Core/Src/main.o
 .debug_macro   0x000000000000120e       0x1c ./Core/Src/main.o
 .debug_macro   0x000000000000122a       0x22 ./Core/Src/main.o
 .debug_macro   0x000000000000124c       0xd9 ./Core/Src/main.o
 .debug_macro   0x0000000000001325      0xf07 ./Core/Src/main.o
 .debug_macro   0x000000000000222c    0x10be0 ./Core/Src/main.o
 .debug_macro   0x0000000000012e0c       0x6d ./Core/Src/main.o
 .debug_macro   0x0000000000012e79     0x3540 ./Core/Src/main.o
 .debug_macro   0x00000000000163b9      0x174 ./Core/Src/main.o
 .debug_macro   0x000000000001652d       0x55 ./Core/Src/main.o
 .debug_macro   0x0000000000016582      0x8f9 ./Core/Src/main.o
 .debug_macro   0x0000000000016e7b      0x304 ./Core/Src/main.o
 .debug_macro   0x000000000001717f      0x1b6 ./Core/Src/main.o
 .debug_macro   0x0000000000017335      0x11b ./Core/Src/main.o
 .debug_macro   0x0000000000017450      0x1d5 ./Core/Src/main.o
 .debug_macro   0x0000000000017625      0x1bc ./Core/Src/main.o
 .debug_macro   0x00000000000177e1       0x34 ./Core/Src/main.o
 .debug_macro   0x0000000000017815       0x3c ./Core/Src/main.o
 .debug_macro   0x0000000000017851       0x57 ./Core/Src/main.o
 .debug_macro   0x00000000000178a8       0xc5 ./Core/Src/main.o
 .debug_macro   0x000000000001796d      0x19f ./Core/Src/main.o
 .debug_macro   0x0000000000017b0c      0x22c ./Core/Src/main.o
 .debug_macro   0x0000000000017d38       0x5b ./Core/Src/main.o
 .debug_macro   0x0000000000017d93       0xa5 ./Core/Src/main.o
 .debug_macro   0x0000000000017e38       0x81 ./Core/Src/main.o
 .debug_macro   0x0000000000017eb9       0xd3 ./Core/Src/main.o
 .debug_macro   0x0000000000017f8c      0x285 ./Core/Src/main.o
 .debug_macro   0x0000000000018211      0x1a8 ./Core/Src/stm32f3xx_hal_msp.o
 .debug_macro   0x00000000000183b9      0x1b2 ./Core/Src/stm32f3xx_it.o
 .debug_macro   0x000000000001856b      0x19e ./Core/Src/system_stm32f3xx.o
 .debug_macro   0x0000000000018709      0x1c2 ./Drivers/STM32F3xx_HAL_Driver/Src/stm32f3xx_hal.o
 .debug_macro   0x00000000000188cb      0x19e ./Drivers/STM32F3xx_HAL_Driver/Src/stm32f3xx_hal_cortex.o
 .debug_macro   0x0000000000018a69      0x1a5 ./Drivers/STM32F3xx_HAL_Driver/Src/stm32f3xx_hal_gpio.o
 .debug_macro   0x0000000000018c0e      0x1c2 ./Drivers/STM32F3xx_HAL_Driver/Src/stm32f3xx_hal_rcc.o

.debug_line     0x0000000000000000     0x4cc4
 .debug_line    0x0000000000000000      0x717 ./Core/Src/main.o
 .debug_line    0x0000000000000717      0x64f ./Core/Src/stm32f3xx_hal_msp.o
 .debug_line    0x0000000000000d66      0x712 ./Core/Src/stm32f3xx_it.o
 .debug_line    0x0000000000001478      0x6c6 ./Core/Src/system_stm32f3xx.o
 .debug_line    0x0000000000001b3e       0x88 ./Core/Startup/startup_stm32f303k8tx.o
 .debug_line    0x0000000000001bc6      0x8fb ./Drivers/STM32F3xx_HAL_Driver/Src/stm32f3xx_hal.o
 .debug_line    0x00000000000024c1      0xae3 ./Drivers/STM32F3xx_HAL_Driver/Src/stm32f3xx_hal_cortex.o
 .debug_line    0x0000000000002fa4      0xa48 ./Drivers/STM32F3xx_HAL_Driver/Src/stm32f3xx_hal_gpio.o
 .debug_line    0x00000000000039ec     0x12d8 ./Drivers/STM32F3xx_HAL_Driver/Src/stm32f3xx_hal_rcc.o

.debug_str      0x0000000000000000    0x91e9c
 .debug_str     0x0000000000000000    0x90fc8 ./Core/Src/main.o
                                      0x91236 (size before relaxing)
 .debug_str     0x0000000000090fc8       0x2c ./Core/Src/stm32f3xx_hal_msp.o
                                      0x90faf (size before relaxing)
 .debug_str     0x0000000000090ff4       0xc9 ./Core/Src/stm32f3xx_it.o
                                      0x90fde (size before relaxing)
 .debug_str     0x00000000000910bd       0xf3 ./Core/Src/system_stm32f3xx.o
                                      0x9106d (size before relaxing)
 .debug_str     0x00000000000911b0       0x36 ./Core/Startup/startup_stm32f303k8tx.o
                                         0x74 (size before relaxing)
 .debug_str     0x00000000000911e6      0x5f3 ./Drivers/STM32F3xx_HAL_Driver/Src/stm32f3xx_hal.o
                                      0x9175d (size before relaxing)
 .debug_str     0x00000000000917d9      0x267 ./Drivers/STM32F3xx_HAL_Driver/Src/stm32f3xx_hal_cortex.o
                                      0x91682 (size before relaxing)
 .debug_str     0x0000000000091a40      0x18b ./Drivers/STM32F3xx_HAL_Driver/Src/stm32f3xx_hal_gpio.o
                                      0x9124c (size before relaxing)
 .debug_str     0x0000000000091bcb      0x2d1 ./Drivers/STM32F3xx_HAL_Driver/Src/stm32f3xx_hal_rcc.o
                                      0x9150d (size before relaxing)

.comment        0x0000000000000000       0x50
 .comment       0x0000000000000000       0x50 ./Core/Src/main.o
                                         0x51 (size before relaxing)
 .comment       0x0000000000000050       0x51 ./Core/Src/stm32f3xx_hal_msp.o
 .comment       0x0000000000000050       0x51 ./Core/Src/stm32f3xx_it.o
 .comment       0x0000000000000050       0x51 ./Core/Src/system_stm32f3xx.o
 .comment       0x0000000000000050       0x51 ./Drivers/STM32F3xx_HAL_Driver/Src/stm32f3xx_hal.o
 .comment       0x0000000000000050       0x51 ./Drivers/STM32F3xx_HAL_Driver/Src/stm32f3xx_hal_cortex.o
 .comment       0x0000000000000050       0x51 ./Drivers/STM32F3xx_HAL_Driver/Src/stm32f3xx_hal_gpio.o
 .comment       0x0000000000000050       0x51 ./Drivers/STM32F3xx_HAL_Driver/Src/stm32f3xx_hal_rcc.o

.debug_frame    0x0000000000000000      0xd28
 .debug_frame   0x0000000000000000       0x8c ./Core/Src/main.o
 .debug_frame   0x000000000000008c       0x38 ./Core/Src/stm32f3xx_hal_msp.o
 .debug_frame   0x00000000000000c4      0x104 ./Core/Src/stm32f3xx_it.o
 .debug_frame   0x00000000000001c8       0x58 ./Core/Src/system_stm32f3xx.o
 .debug_frame   0x0000000000000220      0x334 ./Drivers/STM32F3xx_HAL_Driver/Src/stm32f3xx_hal.o
 .debug_frame   0x0000000000000554      0x428 ./Drivers/STM32F3xx_HAL_Driver/Src/stm32f3xx_hal_cortex.o
 .debug_frame   0x000000000000097c      0x14c ./Drivers/STM32F3xx_HAL_Driver/Src/stm32f3xx_hal_gpio.o
 .debug_frame   0x0000000000000ac8      0x214 ./Drivers/STM32F3xx_HAL_Driver/Src/stm32f3xx_hal_rcc.o
 .debug_frame   0x0000000000000cdc       0x2c /opt/st/stm32cubeide_1.10.1/plugins/com.st.stm32cube.ide.mcu.externaltools.gnu-tools-for-stm32.10.3-2021.10.linux64_1.0.0.202111181127/tools/bin/../lib/gcc/arm-none-eabi/10.3.1/../../../../arm-none-eabi/lib/thumb/v7e-m+fp/hard/libc_nano.a(lib_a-init.o)
 .debug_frame   0x0000000000000d08       0x20 /opt/st/stm32cubeide_1.10.1/plugins/com.st.stm32cube.ide.mcu.externaltools.gnu-tools-for-stm32.10.3-2021.10.linux64_1.0.0.202111181127/tools/bin/../lib/gcc/arm-none-eabi/10.3.1/../../../../arm-none-eabi/lib/thumb/v7e-m+fp/hard/libc_nano.a(lib_a-memset.o)
