10:54:04 **** Incremental Build of configuration Debug for project Blink ****
make -j4 all 
arm-none-eabi-gcc "../Core/Src/main.c" -mcpu=cortex-m4 -std=gnu11 -g3 -DDEBUG -DUSE_HAL_DRIVER -DSTM32F446xx -c -I../Core/Inc -I../Drivers/STM32F4xx_HAL_Driver/Inc -I../Drivers/STM32F4xx_HAL_Driver/Inc/Legacy -I../Drivers/CMSIS/Device/ST/STM32F4xx/Include -I../Drivers/CMSIS/Include -O0 -ffunction-sections -fdata-sections -Wall -fstack-usage -MMD -MP -MF"Core/Src/main.d" -MT"Core/Src/main.o" --specs=nano.specs -mfpu=fpv4-sp-d16 -mfloat-abi=hard -mthumb -o "Core/Src/main.o"
arm-none-eabi-gcc -o "Blink.elf" @"objects.list"   -mcpu=cortex-m4 -T"/home/arc/STM32CubeIDE/workspace_1.10.1/Blink/STM32F446RETX_FLASH.ld" --specs=nosys.specs -Wl,-Map="Blink.map" -Wl,--gc-sections -static --specs=nano.specs -mfpu=fpv4-sp-d16 -mfloat-abi=hard -mthumb -Wl,--start-group -lc -lm -Wl,--end-group
Finished building target: Blink.elf
 
arm-none-eabi-size   Blink.elf 
arm-none-eabi-objdump -h -S  Blink.elf  > "Blink.list"
   text	   data	    bss	    dec	    hex	filename
   8512	     20	   1636	  10168	   27b8	Blink.elf
Finished building: default.size.stdout
 
Finished building: Blink.list
 

10:54:05 Build Finished. 0 errors, 0 warnings. (took 729ms)

