12:16:01 **** Incremental Build of configuration Debug for project DMAwithUART ****
make -j4 all 
arm-none-eabi-gcc "../Core/Src/main.c" -mcpu=cortex-m4 -std=gnu11 -g3 -DDEBUG -DUSE_HAL_DRIVER -DSTM32F446xx -c -I../Core/Inc -I../Drivers/STM32F4xx_HAL_Driver/Inc -I../Drivers/STM32F4xx_HAL_Driver/Inc/Legacy -I../Drivers/CMSIS/Device/ST/STM32F4xx/Include -I../Drivers/CMSIS/Include -O0 -ffunction-sections -fdata-sections -Wall -fstack-usage -MMD -MP -MF"Core/Src/main.d" -MT"Core/Src/main.o" --specs=nano.specs -mfpu=fpv4-sp-d16 -mfloat-abi=hard -mthumb -o "Core/Src/main.o"
arm-none-eabi-gcc -o "DMAwithUART.elf" @"objects.list"   -mcpu=cortex-m4 -T"/home/arc/STM32CubeIDE/workspace_1.10.1/DMAwithUART/STM32F446RETX_FLASH.ld" --specs=nosys.specs -Wl,-Map="DMAwithUART.map" -Wl,--gc-sections -static --specs=nano.specs -mfpu=fpv4-sp-d16 -mfloat-abi=hard -mthumb -Wl,--start-group -lc -lm -Wl,--end-group
Finished building target: DMAwithUART.elf
 
arm-none-eabi-size   DMAwithUART.elf 
arm-none-eabi-objdump -h -S  DMAwithUART.elf  > "DMAwithUART.list"
   text	   data	    bss	    dec	    hex	filename
  11460	     20	   1732	  13212	   339c	DMAwithUART.elf
Finished building: default.size.stdout
 
Finished building: DMAwithUART.list
 

12:16:02 Build Finished. 0 errors, 0 warnings. (took 792ms)

