12:15:07 **** Incremental Build of configuration Debug for project I2C and UART ****
make -j4 all 
arm-none-eabi-gcc "../Core/Src/main.c" -mcpu=cortex-m4 -std=gnu11 -g3 -DDEBUG -DUSE_HAL_DRIVER -DSTM32F446xx -c -I../Core/Inc -I../Drivers/STM32F4xx_HAL_Driver/Inc -I../Drivers/STM32F4xx_HAL_Driver/Inc/Legacy -I../Drivers/CMSIS/Device/ST/STM32F4xx/Include -I../Drivers/CMSIS/Include -O0 -ffunction-sections -fdata-sections -Wall -fstack-usage -MMD -MP -MF"Core/Src/main.d" -MT"Core/Src/main.o" --specs=nano.specs -mfpu=fpv4-sp-d16 -mfloat-abi=hard -mthumb -o "Core/Src/main.o"
arm-none-eabi-gcc -o "I2C and UART.elf" @"objects.list"   -mcpu=cortex-m4 -T"/home/arc/STM32CubeIDE/workspace_1.10.1/I2C and UART/STM32F446RETX_FLASH.ld" --specs=nosys.specs -Wl,-Map="I2C and UART.map" -Wl,--gc-sections -static --specs=nano.specs -mfpu=fpv4-sp-d16 -mfloat-abi=hard -mthumb -Wl,--start-group -lc -lm -Wl,--end-group
Finished building target: I2C and UART.elf
 
arm-none-eabi-size   I2C\ and\ UART.elf 
arm-none-eabi-objdump -h -S  I2C\ and\ UART.elf  > "I2C and UART.list"
   text	   data	    bss	    dec	    hex	filename
   9968	     20	   1724	  11712	   2dc0	I2C and UART.elf
Finished building: default.size.stdout
 
Finished building: I2C and UART.list
 

12:15:08 Build Finished. 0 errors, 0 warnings. (took 794ms)

