15:48:05 **** Incremental Build of configuration Debug for project LED_Blinking ****
make -j4 all 
arm-none-eabi-gcc "../Core/Src/main.c" -mcpu=cortex-m4 -std=gnu11 -g3 -DDEBUG -DUSE_HAL_DRIVER -DSTM32F303x8 -c -I../Core/Inc -I../Drivers/STM32F3xx_HAL_Driver/Inc/Legacy -I../Drivers/STM32F3xx_HAL_Driver/Inc -I../Drivers/CMSIS/Device/ST/STM32F3xx/Include -I../Drivers/CMSIS/Include -O0 -ffunction-sections -fdata-sections -Wall -fstack-usage -MMD -MP -MF"Core/Src/main.d" -MT"Core/Src/main.o" --specs=nano.specs -mfpu=fpv4-sp-d16 -mfloat-abi=hard -mthumb -o "Core/Src/main.o"
arm-none-eabi-gcc -o "LED_Blinking.elf" @"objects.list"   -mcpu=cortex-m4 -T"/home/arc/STM32CubeIDE/workspace_1.10.1/LED_Blinking/STM32F303K8TX_FLASH.ld" --specs=nosys.specs -Wl,-Map="LED_Blinking.map" -Wl,--gc-sections -static --specs=nano.specs -mfpu=fpv4-sp-d16 -mfloat-abi=hard -mthumb -Wl,--start-group -lc -lm -Wl,--end-group
Finished building target: LED_Blinking.elf
 
arm-none-eabi-size   LED_Blinking.elf 
arm-none-eabi-objdump -h -S  LED_Blinking.elf  > "LED_Blinking.list"
   text	   data	    bss	    dec	    hex	filename
   8048	     20	   1572	   9640	   25a8	LED_Blinking.elf
Finished building: default.size.stdout
 
Finished building: LED_Blinking.list
 

15:48:05 Build Finished. 0 errors, 0 warnings. (took 695ms)

