12:44:14 **** Incremental Build of configuration Debug for project ServoControl ****
make -j4 all 
arm-none-eabi-gcc "../Core/Src/main.c" -mcpu=cortex-m4 -std=gnu11 -g3 -DDEBUG -DUSE_HAL_DRIVER -DSTM32F303x8 -c -I../Core/Inc -I../Drivers/STM32F3xx_HAL_Driver/Inc -I../Drivers/STM32F3xx_HAL_Driver/Inc/Legacy -I../Drivers/CMSIS/Device/ST/STM32F3xx/Include -I../Drivers/CMSIS/Include -O0 -ffunction-sections -fdata-sections -Wall -fstack-usage -MMD -MP -MF"Core/Src/main.d" -MT"Core/Src/main.o" --specs=nano.specs -mfpu=fpv4-sp-d16 -mfloat-abi=hard -mthumb -o "Core/Src/main.o"
arm-none-eabi-gcc -o "ServoControl.elf" @"objects.list"   -mcpu=cortex-m4 -T"/home/arc/STM32CubeIDE/workspace_1.10.1/ServoControl/STM32F303K8TX_FLASH.ld" --specs=nosys.specs -Wl,-Map="ServoControl.map" -Wl,--gc-sections -static --specs=nano.specs -mfpu=fpv4-sp-d16 -mfloat-abi=hard -mthumb -Wl,--start-group -lc -lm -Wl,--end-group
Finished building target: ServoControl.elf
 
arm-none-eabi-size   ServoControl.elf 
arm-none-eabi-objdump -h -S  ServoControl.elf  > "ServoControl.list"
   text	   data	    bss	    dec	    hex	filename
  13088	     20	   1644	  14752	   39a0	ServoControl.elf
Finished building: default.size.stdout
 
Finished building: ServoControl.list
 

12:44:15 Build Finished. 0 errors, 0 warnings. (took 743ms)

